
> financial-dashboard@0.1.0 build
> next build

  ▲ Next.js 14.2.35
  - Environments: .env.local

   Creating an optimized production build ...
 ✓ Compiled successfully
   Linting and checking validity of types ...
   Collecting page data ...
   Generating static pages (0/18) ...
   Generating static pages (4/18) 
   Generating static pages (8/18) 
   Generating static pages (13/18) 
 ✓ Generating static pages (18/18)
   Finalizing page optimization ...
   Collecting build traces ...

Route (app)                              Size     First Load JS
┌ ○ /                                    11.5 kB         128 kB
├ ○ /_not-found                          876 B          88.4 kB
├ ƒ /api/accounts                        0 B                0 B
├ ƒ /api/accounts/[id]                   0 B                0 B
├ ƒ /api/ai/analyze                      0 B                0 B
├ ƒ /api/auth/migrate-data               0 B                0 B
├ ƒ /api/bcp/import                      0 B                0 B
├ ƒ /api/bcp/parse                       0 B                0 B
├ ƒ /api/categories                      0 B                0 B
├ ƒ /api/categories/[id]                 0 B                0 B
├ ƒ /api/exchange-rate                   0 B                0 B
├ ƒ /api/goals                           0 B                0 B
├ ƒ /api/overview                        0 B                0 B
├ ƒ /api/plaid/exchange-token            0 B                0 B
├ ƒ /api/plaid/link-token                0 B                0 B
├ ƒ /api/plaid/sync                      0 B                0 B
├ ƒ /api/plaid/transactions              0 B                0 B
├ ƒ /auth/callback                       0 B                0 B
├ ○ /categories                          3.56 kB         118 kB
├ ○ /insights                            6.64 kB         111 kB
├ ○ /login                               3.77 kB         170 kB
└ ○ /transactions                        54.1 kB         171 kB
+ First Load JS shared by all            87.6 kB
  ├ chunks/117-8ae01a3baf0851b4.js       31.9 kB
  ├ chunks/fd9d1056-9bb1ca49d0bf7671.js  53.6 kB
  └ other shared chunks (total)          2.03 kB


ƒ Middleware                             82.8 kB

○  (Static)   prerendered as static content
ƒ  (Dynamic)  server-rendered on demand

